SET pgroonga.enable_wal = true;
CREATE TABLE memos (
  content text
);
INSERT INTO memos VALUES ('Groonga is fast!');
CREATE INDEX pgrn_index ON memos USING PGroonga (content);
SET pgroonga.writable = false;
SELECT pgroonga_wal_truncate('pgrn_index');
 pgroonga_wal_truncate 
-----------------------
                     2
(1 row)

SET pgroonga.writable = true;
SELECT pgroonga_wal_truncate('pgrn_index');
 pgroonga_wal_truncate 
-----------------------
                     2
(1 row)

DROP TABLE memos;
