SELECT pgroonga.command_escape_value('a+B-c" \\あ\nいう');
  command_escape_value   
-------------------------
 "a+B-c\" \\\\あ\\nいう"
(1 row)

