CREATE TABLE synonyms (
  term text PRIMARY KEY,
  synonym text
);
SELECT pgroonga.query_expand('synonyms', 'term', 'synonym', 'Groonga');
ERROR:  pgroonga: query_expand: synonyms column isn't text[] type: <synonyms>.<synonym>
DROP TABLE synonyms;
