SELECT pgroonga.flush('pgroonga_index');
ERROR:  relation "pgroonga_index" does not exist
