CREATE TABLE memos (
  created_at timestamp
);
INSERT INTO memos VALUES ('2018-02-02');
CREATE INDEX pgroonga_index ON memos USING pgroonga (created_at);
SELECT pgroonga_command('select',
                        ARRAY['table', pgroonga_table_name('pgroonga_index'),
                              'output_columns', 'created_at'])::json->>1
    AS body;
                      body                      
------------------------------------------------
 [[[1],[["created_at","Time"]],[1517500800.0]]]
(1 row)

DROP TABLE memos;
