CREATE TABLE readings (
  katakanas text[]
);
INSERT INTO readings VALUES (ARRAY['ポストグレスキューエル', 'ポスグレ']);
INSERT INTO readings VALUES (ARRAY['グルンガ', 'グルン']);
INSERT INTO readings VALUES (ARRAY['ピージールンガ', 'ピーグルン']);
CREATE INDEX pgrn_index ON readings
  USING pgroonga (katakanas pgroonga.text_array_term_search_ops_v2);
SET enable_seqscan = off;
SET enable_indexscan = on;
SET enable_bitmapscan = off;
SELECT katakanas
  FROM readings
 WHERE katakanas &^~> 'p';
             katakanas             
-----------------------------------
 {ピージールンガ,ピーグルン}
 {ポストグレスキューエル,ポスグレ}
(2 rows)

DROP TABLE readings;
