SELECT pgroonga.escape_query('a+B-c< >あいう~*()"\\'':');
            escape_query             
-------------------------------------
 a\+B\-c\< \>あいう\~\*\(\)\"\\\\'\:
(1 row)

