CREATE TABLE memos (
  id integer,
  content text
);
INSERT INTO memos VALUES (1, 'PostgreSQL is a RDBMS.');
INSERT INTO memos VALUES (2, 'Groonga is fast full text search engine.');
INSERT INTO memos VALUES (3, 'PGroonga is a PostgreSQL extension that uses Groonga.');
CREATE INDEX pgrn_index ON memos
 USING pgroonga (content pgroonga_text_full_text_search_ops_v2);
SET enable_seqscan = on;
SET enable_indexscan = off;
SET enable_bitmapscan = off;
EXPLAIN (COSTS OFF)
SELECT id, content, pgroonga_score(tableoid, ctid)
  FROM memos
 WHERE content &@
       ('Groonga',
        ARRAY[5],
        NULL,
        'pgrn_index')::pgroonga_full_text_search_condition_with_scorers;
                                                                    QUERY PLAN                                                                     
---------------------------------------------------------------------------------------------------------------------------------------------------
 Seq Scan on memos
   Filter: (content &@ ROW('Groonga'::text, '{5}'::integer[], NULL::text[], 'pgrn_index'::text)::pgroonga_full_text_search_condition_with_scorers)
(2 rows)

SELECT id, content, pgroonga_score(tableoid, ctid)
  FROM memos
 WHERE content &@
       ('Groonga',
        ARRAY[5],
        NULL,
        'pgrn_index')::pgroonga_full_text_search_condition_with_scorers;
 id |                        content                        | pgroonga_score 
----+-------------------------------------------------------+----------------
  2 | Groonga is fast full text search engine.              |              0
  3 | PGroonga is a PostgreSQL extension that uses Groonga. |              0
(2 rows)

DROP TABLE memos;
