CREATE TABLE memos (
  id integer,
  content text
);
INSERT INTO memos VALUES (1, 'PostgreSQL is a RDBMS.');
INSERT INTO memos VALUES (2, 'Groonga is fast full text search engine.');
INSERT INTO memos VALUES (3, 'PGroonga is a PostgreSQL extension that uses Groonga.');
CREATE INDEX grnindex ON memos
 USING pgroonga (content pgroonga.text_full_text_search_ops_v2);
SET enable_seqscan = off;
SET enable_indexscan = on;
SET enable_bitmapscan = off;
EXPLAIN
SELECT id, content
  FROM memos
 WHERE content %% 'Groonga';
                              QUERY PLAN                               
-----------------------------------------------------------------------
 Index Scan using grnindex on memos  (cost=0.00..4.01 rows=2 width=36)
   Index Cond: (content %% 'Groonga'::text)
(2 rows)

SELECT id, content
  FROM memos
 WHERE content %% 'Groonga';
 id |                        content                        
----+-------------------------------------------------------
  2 | Groonga is fast full text search engine.
  3 | PGroonga is a PostgreSQL extension that uses Groonga.
(2 rows)

DROP TABLE memos;
