CREATE TABLE memos (
  id integer,
  title text
);
INSERT INTO memos VALUES (1, 'PostgreSQL');
INSERT INTO memos VALUES (2, 'Groonga');
INSERT INTO memos VALUES (3, 'PGroonga');
CREATE INDEX grnindex ON memos USING pgroonga (title pgroonga.varchar_ops);
SET enable_seqscan = on;
SET enable_indexscan = off;
SET enable_bitmapscan = off;
SELECT id, title
  FROM memos
 WHERE title = 'Groonga';
 id |  title  
----+---------
  2 | Groonga
(1 row)

DROP TABLE memos;
