SELECT pgroonga.highlight_html(
  '100㍉メートル',
  ARRAY['ミリ']);
               highlight_html               
--------------------------------------------
 100<span class="keyword">㍉</span>メートル
(1 row)

