SELECT pgroonga.query_extract_keywords('Groonga');
 query_extract_keywords 
------------------------
 {Groonga}
(1 row)

