SELECT pgroonga.query_escape('a+B-c< >あいう~*()"\\'':');
            query_escape             
-------------------------------------
 a\+B\-c\< \>あいう\~\*\(\)\"\\\\'\:
(1 row)

