SELECT pgroonga.escape('a+B-c< >あいう~*()"\\'':');
            escape            
------------------------------
 "a+B-c< >あいう~*()\"\\\\':"
(1 row)

