SELECT pgroonga.escape('a+O-R< >あいう~*()"'':', '()OR:');
           escape           
----------------------------
 a+\O-\R< >あいう~*\(\)"'\:
(1 row)

